main.c:822:6:speedGet	24	static
main.c:1046:6:returnMsg	8	static
main.c:572:13:MX_GPIO_Init	64	static
main.c:1009:6:testPulsos	48	static
main.c:899:6:controlador	64	static
main.c:931:6:medir	72	static
main.c:616:6:HAL_UART_RxCpltCallback	16	static,ignoring_inline_asm
main.c:800:6:HAL_UART_TxCpltCallback	0	static,ignoring_inline_asm
main.c:805:6:HAL_UART_ErrorCallback	8	static
main.c:810:6:HAL_TIM_PeriodElapsedCallback	0	static
main.c:1058:6:Error_Handler	0	static,ignoring_inline_asm
main.c:372:13:MX_TIM2_Init	64	static
main.c:441:13:MX_TIM3_Init	56	static
main.c:490:13:MX_TIM4_Init	56	static
main.c:539:13:MX_USART2_UART_Init	8	static
main.c:334:6:SystemClock_Config	72	static
main.c:225:5:main	16	static
